wrote fig01_workflow
wrote fig02_population_qc
wrote fig03_population_cis
wrote fig04_cis_vs_degree_strength
wrote fig05_degree_controlled
Traceback (most recent call last):
  File "D:\humanbrain\humanbrain\13_CROSS_SPECIES_CIS\08_FIGURES\make_figures.py", line 216, in <module>
    fig6_obs_vs_null()
    ~~~~~~~~~~~~~~~~^^
  File "D:\humanbrain\humanbrain\13_CROSS_SPECIES_CIS\08_FIGURES\make_figures.py", line 125, in fig6_obs_vs_null
    ax.hist(d.stouffer_z, bins=50, color="#4477aa")
    ~~~~~~~^^^^^^^^^^^^^^^^^^^^^^^^^^^^^^^^^^^^^^^^
  File "C:\Users\harsh\AppData\Local\Programs\Python\Python313\Lib\site-packages\matplotlib\_api\deprecation.py", line 477, in wrapper
    return func(*args, **kwargs)
  File "C:\Users\harsh\AppData\Local\Programs\Python\Python313\Lib\site-packages\matplotlib\__init__.py", line 1531, in inner
    return func(
        ax,
        *map(cbook.sanitize_sequence, args),
        **{k: cbook.sanitize_sequence(v) for k, v in kwargs.items()})
  File "C:\Users\harsh\AppData\Local\Programs\Python\Python313\Lib\site-packages\matplotlib\axes\_axes.py", line 7515, in hist
    m, bins = np.histogram(x[i], bins, weights=w[i], **hist_kwargs)
              ~~~~~~~~~~~~^^^^^^^^^^^^^^^^^^^^^^^^^^^^^^^^^^^^^^^^^
  File "C:\Users\harsh\AppData\Local\Programs\Python\Python313\Lib\site-packages\numpy\lib\_histograms_impl.py", line 792, in histogram
    bin_edges, uniform_bins = _get_bin_edges(a, bins, range, weights)
                              ~~~~~~~~~~~~~~^^^^^^^^^^^^^^^^^^^^^^^^^
  File "C:\Users\harsh\AppData\Local\Programs\Python\Python313\Lib\site-packages\numpy\lib\_histograms_impl.py", line 425, in _get_bin_edges
    first_edge, last_edge = _get_outer_edges(a, range)
                            ~~~~~~~~~~~~~~~~^^^^^^^^^^
  File "C:\Users\harsh\AppData\Local\Programs\Python\Python313\Lib\site-packages\numpy\lib\_histograms_impl.py", line 309, in _get_outer_edges
    raise ValueError(
        f"supplied range of [{first_edge}, {last_edge}] is not finite")
ValueError: supplied range of [-inf, 23.30078922787913] is not finite
