[E04a] 100 sampled subjects, 1976 chunk jobs (5 nulls each), 8 workers
[E04a] chunks 5/1976 last=sub84+40 (254s) eta=1741min
[E04a] chunks 10/1976 last=sub84+65 (209s) eta=1478min
[E04a] chunks 15/1976 last=sub84+90 (197s) eta=1037min
[E04a] chunks 20/1976 last=sub820+15 (226s) eta=1106min
[E04a] chunks 25/1976 last=sub820+40 (206s) eta=1108min
[E04a] chunks 30/1976 last=sub820+65 (201s) eta=964min
[E04a] chunks 35/1976 last=sub820+90 (203s) eta=984min
[E04a] chunks 40/1976 last=sub706+15 (186s) eta=898min
[E04a] chunks 45/1976 last=sub706+40 (184s) eta=905min
[E04a] chunks 50/1976 last=sub706+65 (162s) eta=892min
[E04a] chunks 55/1976 last=sub706+90 (180s) eta=846min
[E04a] chunks 60/1976 last=sub892+15 (187s) eta=864min
[E04a] chunks 65/1976 last=sub892+40 (168s) eta=835min
[E04a] chunks 70/1976 last=sub892+65 (186s) eta=828min
[E04a] chunks 75/1976 last=sub892+90 (171s) eta=817min
[E04a] chunks 80/1976 last=sub205+15 (219s) eta=811min
[E04a] chunks 85/1976 last=sub205+40 (208s) eta=822min
[E04a] chunks 90/1976 last=sub205+65 (189s) eta=798min
[E04a] chunks 95/1976 last=sub205+90 (211s) eta=818min
[E04a] chunks 100/1976 last=sub626+15 (193s) eta=816min
[E04a] chunks 105/1976 last=sub626+40 (222s) eta=803min
[E04a] chunks 110/1976 last=sub626+65 (224s) eta=806min
[E04a] chunks 115/1976 last=sub626+90 (212s) eta=787min
[E04a] chunks 120/1976 last=sub180+15 (199s) eta=795min
[E04a] chunks 125/1976 last=sub180+40 (193s) eta=788min
[E04a] chunks 130/1976 last=sub180+65 (195s) eta=784min
[E04a] chunks 135/1976 last=sub180+90 (186s) eta=786min
[E04a] chunks 140/1976 last=sub888+15 (199s) eta=771min
[E04a] chunks 145/1976 last=sub888+40 (191s) eta=776min
[E04a] chunks 150/1976 last=sub888+65 (154s) eta=767min
[E04a] chunks 155/1976 last=sub888+90 (162s) eta=756min
[E04a] chunks 160/1976 last=sub539+15 (161s) eta=754min
[E04a] chunks 165/1976 last=sub539+40 (183s) eta=753min
[E04a] chunks 170/1976 last=sub539+65 (184s) eta=745min
[E04a] chunks 175/1976 last=sub539+90 (176s) eta=743min
[E04a] chunks 180/1976 last=sub479+15 (172s) eta=731min
[E04a] chunks 185/1976 last=sub479+40 (184s) eta=731min
[E04a] chunks 190/1976 last=sub479+65 (199s) eta=736min
[E04a] chunks 195/1976 last=sub479+90 (212s) eta=723min
[E04a] chunks 200/1976 last=sub263+15 (244s) eta=734min
[E04a] chunks 205/1976 last=sub263+40 (234s) eta=740min
[E04a] chunks 210/1976 last=sub263+65 (230s) eta=728min
[E04a] chunks 215/1976 last=sub263+90 (220s) eta=731min
[E04a] chunks 220/1976 last=sub262+15 (230s) eta=728min
[E04a] chunks 225/1976 last=sub262+40 (211s) eta=727min
[E04a] chunks 230/1976 last=sub262+65 (195s) eta=728min
[E04a] chunks 235/1976 last=sub262+90 (208s) eta=722min
[E04a] chunks 240/1976 last=sub694+15 (186s) eta=723min
[E04a] chunks 245/1976 last=sub694+40 (183s) eta=722min
[E04a] chunks 250/1976 last=sub694+65 (184s) eta=715min
[E04a] chunks 255/1976 last=sub694+90 (232s) eta=722min
[E04a] chunks 260/1976 last=sub465+15 (234s) eta=717min
[E04a] chunks 265/1976 last=sub465+40 (246s) eta=721min
[E04a] chunks 270/1976 last=sub465+65 (243s) eta=722min
[E04a] chunks 275/1976 last=sub465+90 (234s) eta=719min
[E04a] chunks 280/1976 last=sub31+15 (208s) eta=719min
[E04a] chunks 285/1976 last=sub31+40 (206s) eta=718min
[E04a] chunks 290/1976 last=sub31+65 (208s) eta=714min
[E04a] chunks 295/1976 last=sub31+90 (195s) eta=711min
[E04a] chunks 300/1976 last=sub655+15 (228s) eta=710min
[E04a] chunks 305/1976 last=sub655+40 (194s) eta=707min
[E04a] chunks 310/1976 last=sub655+65 (214s) eta=708min
[E04a] chunks 315/1976 last=sub655+90 (198s) eta=705min
[E04a] chunks 320/1976 last=sub111+15 (156s) eta=697min
[E04a] chunks 325/1976 last=sub111+40 (2178s) eta=868min
[E04a] chunks 330/1976 last=sub111+65 (169s) eta=859min
[E04a] chunks 335/1976 last=sub111+90 (189s) eta=852min
[E04a] chunks 340/1976 last=sub312+15 (186s) eta=847min
[E04a] chunks 345/1976 last=sub312+40 (209s) eta=842min
[E04a] chunks 350/1976 last=sub312+65 (180s) eta=838min
[E04a] chunks 355/1976 last=sub312+90 (194s) eta=834min
[E04a] chunks 360/1976 last=sub590+15 (217s) eta=827min
[E04a] chunks 365/1976 last=sub590+40 (214s) eta=825min
[E04a] chunks 370/1976 last=sub590+65 (237s) eta=823min
[E04a] chunks 375/1976 last=sub590+90 (243s) eta=819min
[E04a] chunks 380/1976 last=sub329+15 (226s) eta=817min
[E04a] chunks 385/1976 last=sub329+40 (228s) eta=815min
[E04a] chunks 390/1976 last=sub329+65 (225s) eta=809min
[E04a] chunks 395/1976 last=sub329+90 (218s) eta=809min
[E04a] chunks 400/1976 last=sub895+15 (209s) eta=804min
[E04a] chunks 405/1976 last=sub895+40 (220s) eta=800min
[E04a] chunks 410/1976 last=sub895+65 (216s) eta=798min
[E04a] chunks 415/1976 last=sub895+90 (215s) eta=790min
[E04a] chunks 420/1976 last=sub701+15 (201s) eta=789min
[E04a] chunks 425/1976 last=sub701+40 (182s) eta=785min
[E04a] chunks 430/1976 last=sub701+65 (196s) eta=778min
[E04a] chunks 435/1976 last=sub701+90 (211s) eta=777min
[E04a] chunks 440/1976 last=sub237+15 (182s) eta=768min
[E04a] chunks 445/1976 last=sub237+40 (184s) eta=766min
[E04a] chunks 450/1976 last=sub237+65 (171s) eta=760min
[E04a] chunks 455/1976 last=sub237+90 (178s) eta=756min
[E04a] chunks 460/1976 last=sub780+15 (184s) eta=753min
[E04a] chunks 465/1976 last=sub780+40 (174s) eta=748min
[E04a] chunks 470/1976 last=sub780+65 (207s) eta=746min
[E04a] chunks 475/1976 last=sub780+90 (192s) eta=742min
[E04a] chunks 480/1976 last=sub152+15 (183s) eta=735min
[E04a] chunks 485/1976 last=sub152+40 (189s) eta=733min
[E04a] chunks 490/1976 last=sub152+65 (179s) eta=726min
[E04a] chunks 495/1976 last=sub152+90 (198s) eta=725min
[E04a] chunks 500/1976 last=sub676+15 (250s) eta=724min
[E04a] chunks 505/1976 last=sub676+40 (243s) eta=719min
[E04a] chunks 510/1976 last=sub676+65 (251s) eta=720min
[E04a] chunks 515/1976 last=sub676+90 (203s) eta=715min
[E04a] chunks 520/1976 last=sub245+15 (193s) eta=710min
[E04a] chunks 525/1976 last=sub245+40 (195s) eta=708min
[E04a] chunks 530/1976 last=sub245+65 (193s) eta=705min
[E04a] chunks 535/1976 last=sub245+90 (177s) eta=699min
[E04a] chunks 540/1976 last=sub275+15 (206s) eta=699min
[E04a] chunks 545/1976 last=sub275+40 (206s) eta=696min
[E04a] chunks 550/1976 last=sub275+65 (206s) eta=691min
[E04a] chunks 555/1976 last=sub275+90 (245s) eta=691min
[E04a] chunks 560/1976 last=sub439+15 (251s) eta=689min
[E04a] chunks 565/1976 last=sub439+40 (241s) eta=685min
[E04a] chunks 570/1976 last=sub439+65 (277s) eta=686min
[E04a] chunks 575/1976 last=sub439+90 (249s) eta=679min
[E04a] chunks 580/1976 last=sub737+15 (249s) eta=680min
[E04a] chunks 585/1976 last=sub737+40 (238s) eta=679min
[E04a] chunks 590/1976 last=sub737+65 (219s) eta=673min
[E04a] chunks 595/1976 last=sub737+90 (236s) eta=673min
[E04a] chunks 600/1976 last=sub542+15 (238s) eta=671min
[E04a] chunks 605/1976 last=sub542+40 (249s) eta=668min
[E04a] chunks 610/1976 last=sub542+65 (255s) eta=668min
[E04a] chunks 615/1976 last=sub542+90 (254s) eta=663min
[E04a] chunks 620/1976 last=sub359+15 (226s) eta=661min
[E04a] chunks 625/1976 last=sub359+40 (215s) eta=659min
[E04a] chunks 630/1976 last=sub359+65 (235s) eta=656min
[E04a] chunks 635/1976 last=sub359+90 (238s) eta=654min
[E04a] chunks 640/1976 last=sub836+15 (234s) eta=652min
[E04a] chunks 645/1976 last=sub836+40 (221s) eta=648min
[E04a] chunks 650/1976 last=sub836+65 (200s) eta=646min
[E04a] chunks 655/1976 last=sub836+90 (191s) eta=643min
[E04a] chunks 660/1976 last=sub534+15 (160s) eta=637min
[E04a] chunks 665/1976 last=sub534+40 (174s) eta=634min
[E04a] chunks 670/1976 last=sub534+65 (167s) eta=631min
[E04a] chunks 675/1976 last=sub534+90 (167s) eta=627min
[E04a] chunks 680/1976 last=sub29+15 (169s) eta=624min
[E04a] chunks 685/1976 last=sub29+40 (173s) eta=620min
[E04a] chunks 690/1976 last=sub29+65 (176s) eta=616min
[E04a] chunks 695/1976 last=sub29+90 (164s) eta=613min
[E04a] chunks 700/1976 last=sub433+15 (167s) eta=608min
[E04a] chunks 705/1976 last=sub433+40 (168s) eta=606min
[E04a] chunks 710/1976 last=sub433+65 (179s) eta=603min
[E04a] chunks 715/1976 last=sub433+90 (162s) eta=598min
[E04a] chunks 720/1976 last=sub13+15 (154s) eta=595min
[E04a] chunks 725/1976 last=sub13+40 (158s) eta=591min
[E04a] chunks 730/1976 last=sub13+65 (212s) eta=589min
[E04a] chunks 735/1976 last=sub13+90 (156s) eta=585min
[E04a] chunks 740/1976 last=sub890+15 (182s) eta=582min
[E04a] chunks 745/1976 last=sub890+40 (176s) eta=579min
[E04a] chunks 750/1976 last=sub890+65 (183s) eta=576min
[E04a] chunks 755/1976 last=sub890+90 (182s) eta=574min
[E04a] chunks 760/1976 last=sub54+15 (171s) eta=570min
[E04a] chunks 765/1976 last=sub54+40 (174s) eta=567min
[E04a] chunks 770/1976 last=sub54+65 (158s) eta=563min
[E04a] chunks 775/1976 last=sub54+90 (171s) eta=560min
[E04a] chunks 780/1976 last=sub193+15 (173s) eta=557min
[E04a] chunks 785/1976 last=sub193+40 (172s) eta=554min
[E04a] chunks 790/1976 last=sub193+65 (175s) eta=551min
[E04a] chunks 795/1976 last=sub193+90 (164s) eta=547min
[E04a] chunks 800/1976 last=sub420+15 (186s) eta=545min
[E04a] chunks 805/1976 last=sub420+40 (184s) eta=541min
[E04a] chunks 810/1976 last=sub420+65 (185s) eta=539min
[E04a] chunks 815/1976 last=sub420+90 (202s) eta=536min
[E04a] chunks 820/1976 last=sub775+15 (188s) eta=532min
[E04a] chunks 825/1976 last=sub775+40 (197s) eta=530min
[E04a] chunks 830/1976 last=sub775+65 (195s) eta=528min
[E04a] chunks 835/1976 last=sub775+90 (157s) eta=524min
[E04a] chunks 840/1976 last=sub835+15 (169s) eta=521min
[E04a] chunks 845/1976 last=sub835+40 (188s) eta=520min
[E04a] chunks 850/1976 last=sub835+65 (184s) eta=515min
[E04a] chunks 855/1976 last=sub835+90 (197s) eta=513min
[E04a] chunks 860/1976 last=sub768+15 (210s) eta=511min
[E04a] chunks 865/1976 last=sub768+40 (188s) eta=507min
[E04a] chunks 870/1976 last=sub768+65 (205s) eta=506min
[E04a] chunks 875/1976 last=sub768+90 (215s) eta=503min
[E04a] chunks 880/1976 last=sub22+15 (178s) eta=500min
[E04a] chunks 885/1976 last=sub22+40 (179s) eta=497min
[E04a] chunks 890/1976 last=sub22+65 (168s) eta=494min
[E04a] chunks 895/1976 last=sub22+90 (193s) eta=492min
[E04a] chunks 900/1976 last=sub708+15 (174s) eta=489min
[E04a] chunks 905/1976 last=sub708+40 (204s) eta=486min
[E04a] chunks 910/1976 last=sub708+65 (225s) eta=484min
[E04a] chunks 915/1976 last=sub708+90 (224s) eta=483min
[E04a] chunks 920/1976 last=sub554+15 (226s) eta=480min
[E04a] chunks 925/1976 last=sub554+40 (225s) eta=479min
[E04a] chunks 930/1976 last=sub554+65 (218s) eta=476min
[E04a] chunks 935/1976 last=sub554+90 (224s) eta=474min
[E04a] chunks 940/1976 last=sub525+15 (217s) eta=472min
[E04a] chunks 945/1976 last=sub525+40 (220s) eta=469min
[E04a] chunks 950/1976 last=sub525+65 (246s) eta=468min
[E04a] chunks 955/1976 last=sub525+90 (223s) eta=465min
[E04a] chunks 960/1976 last=sub11+15 (236s) eta=463min
[E04a] chunks 965/1976 last=sub11+40 (245s) eta=462min
[E04a] chunks 970/1976 last=sub11+65 (242s) eta=459min
[E04a] chunks 975/1976 last=sub11+90 (230s) eta=457min
[E04a] chunks 980/1976 last=sub188+15 (226s) eta=455min
[E04a] chunks 985/1976 last=sub188+40 (196s) eta=452min
[E04a] chunks 990/1976 last=sub188+65 (160s) eta=449min
[E04a] chunks 995/1976 last=sub188+90 (181s) eta=446min
[E04a] chunks 1000/1976 last=sub179+15 (190s) eta=444min
[E04a] chunks 1005/1976 last=sub179+40 (182s) eta=441min
[E04a] chunks 1010/1976 last=sub179+65 (176s) eta=438min
[E04a] chunks 1015/1976 last=sub179+90 (183s) eta=436min
[E04a] chunks 1020/1976 last=sub823+15 (182s) eta=433min
[E04a] chunks 1025/1976 last=sub823+40 (164s) eta=430min
[E04a] chunks 1030/1976 last=sub823+65 (159s) eta=428min
[E04a] chunks 1035/1976 last=sub823+90 (144s) eta=424min
[E04a] chunks 1040/1976 last=sub403+15 (145s) eta=422min
[E04a] chunks 1045/1976 last=sub403+40 (178s) eta=419min
[E04a] chunks 1050/1976 last=sub403+65 (176s) eta=416min
[E04a] chunks 1055/1976 last=sub403+90 (208s) eta=414min
[E04a] chunks 1060/1976 last=sub574+15 (181s) eta=411min
[E04a] chunks 1065/1976 last=sub574+40 (144s) eta=409min
[E04a] chunks 1070/1976 last=sub574+65 (146s) eta=406min
[E04a] chunks 1075/1976 last=sub574+90 (149s) eta=403min
[E04a] chunks 1080/1976 last=sub540+15 (162s) eta=400min
[E04a] chunks 1085/1976 last=sub540+40 (152s) eta=398min
[E04a] chunks 1090/1976 last=sub540+65 (152s) eta=394min
[E04a] chunks 1095/1976 last=sub540+90 (146s) eta=392min
[E04a] chunks 1100/1976 last=sub279+15 (196s) eta=390min
[E04a] chunks 1105/1976 last=sub279+40 (188s) eta=387min
[E04a] chunks 1110/1976 last=sub279+65 (204s) eta=385min
[E04a] chunks 1115/1976 last=sub279+90 (215s) eta=383min
[E04a] chunks 1120/1976 last=sub559+15 (203s) eta=381min
[E04a] chunks 1125/1976 last=sub559+40 (199s) eta=378min
[E04a] chunks 1130/1976 last=sub559+65 (160s) eta=375min
[E04a] chunks 1135/1976 last=sub559+90 (185s) eta=373min
[E04a] chunks 1140/1976 last=sub333+15 (166s) eta=370min
[E04a] chunks 1145/1976 last=sub333+40 (201s) eta=368min
[E04a] chunks 1150/1976 last=sub333+65 (43387s) eta=883min
[E04a] chunks 1155/1976 last=sub333+90 (43375s) eta=875min
[E04a] chunks 1160/1976 last=sub490+15 (270s) eta=868min
[E04a] chunks 1165/1976 last=sub490+40 (243s) eta=860min
[E04a] chunks 1170/1976 last=sub490+65 (234s) eta=854min
[E04a] chunks 1175/1976 last=sub490+90 (255s) eta=847min
[E04a] chunks 1180/1976 last=sub569+15 (276s) eta=839min
[E04a] chunks 1185/1976 last=sub569+40 (288s) eta=833min
[E04a] chunks 1190/1976 last=sub569+65 (278s) eta=826min
[E04a] chunks 1195/1976 last=sub569+90 (294s) eta=819min
[E04a] chunks 1200/1976 last=sub454+15 (260s) eta=813min
[E04a] chunks 1205/1976 last=sub454+40 (253s) eta=805min
[E04a] chunks 1210/1976 last=sub454+65 (256s) eta=798min
[E04a] chunks 1215/1976 last=sub454+90 (237s) eta=792min
[E04a] chunks 1220/1976 last=sub894+15 (266s) eta=785min
[E04a] chunks 1225/1976 last=sub894+40 (309s) eta=779min
[E04a] chunks 1230/1976 last=sub894+65 (288s) eta=772min
[E04a] chunks 1235/1976 last=sub894+90 (264s) eta=765min
[E04a] chunks 1240/1976 last=sub233+15 (222s) eta=758min
[E04a] chunks 1245/1976 last=sub233+40 (244s) eta=752min
[E04a] chunks 1250/1976 last=sub233+65 (255s) eta=746min
[E04a] chunks 1255/1976 last=sub233+90 (242s) eta=738min
[E04a] chunks 1260/1976 last=sub14+15 (293s) eta=733min
[E04a] chunks 1265/1976 last=sub14+40 (538s) eta=729min
[E04a] chunks 1270/1976 last=sub14+65 (525s) eta=722min
[E04a] chunks 1275/1976 last=sub14+90 (295s) eta=716min
[E04a] chunks 1280/1976 last=sub464+15 (269s) eta=709min
[E04a] chunks 1285/1976 last=sub464+40 (251s) eta=703min
[E04a] chunks 1290/1976 last=sub464+65 (315s) eta=697min
[E04a] chunks 1295/1976 last=sub464+90 (268s) eta=691min
[E04a] chunks 1300/1976 last=sub227+15 (207s) eta=684min
[E04a] chunks 1305/1976 last=sub227+40 (220s) eta=678min
[E04a] chunks 1310/1976 last=sub227+65 (199s) eta=671min
[E04a] chunks 1315/1976 last=sub227+90 (208s) eta=665min
[E04a] chunks 1320/1976 last=sub849+15 (190s) eta=658min
[E04a] chunks 1325/1976 last=sub849+40 (180s) eta=651min
[E04a] chunks 1330/1976 last=sub849+65 (208s) eta=645min
[E04a] chunks 1335/1976 last=sub849+90 (228s) eta=639min
[E04a] chunks 1340/1976 last=sub712+15 (235s) eta=633min
[E04a] chunks 1345/1976 last=sub712+40 (247s) eta=627min
[E04a] chunks 1350/1976 last=sub712+65 (229s) eta=620min
[E04a] chunks 1355/1976 last=sub712+90 (229s) eta=614min
[E04a] chunks 1360/1976 last=sub16+15 (184s) eta=608min
[E04a] chunks 1365/1976 last=sub16+40 (192s) eta=602min
[E04a] chunks 1370/1976 last=sub16+65 (216s) eta=596min
[E04a] chunks 1375/1976 last=sub16+90 (189s) eta=590min
[E04a] chunks 1380/1976 last=sub115+15 (184s) eta=583min
[E04a] chunks 1385/1976 last=sub115+40 (162s) eta=577min
[E04a] chunks 1390/1976 last=sub115+65 (178s) eta=571min
[E04a] chunks 1395/1976 last=sub115+90 (180s) eta=565min
[E04a] chunks 1400/1976 last=sub854+15 (216s) eta=559min
[E04a] chunks 1405/1976 last=sub854+40 (253s) eta=554min
[E04a] chunks 1410/1976 last=sub854+65 (218s) eta=547min
[E04a] chunks 1415/1976 last=sub854+90 (242s) eta=542min
[E04a] chunks 1420/1976 last=sub762+15 (184s) eta=535min
[E04a] chunks 1425/1976 last=sub762+40 (191s) eta=529min
[E04a] chunks 1430/1976 last=sub762+65 (213s) eta=524min
[E04a] chunks 1435/1976 last=sub762+90 (217s) eta=518min
[E04a] chunks 1440/1976 last=sub124+15 (198s) eta=512min
[E04a] chunks 1445/1976 last=sub124+40 (200s) eta=507min
[E04a] chunks 1450/1976 last=sub124+65 (216s) eta=501min
[E04a] chunks 1455/1976 last=sub124+90 (214s) eta=495min
[E04a] chunks 1460/1976 last=sub897+15 (213s) eta=490min
[E04a] chunks 1465/1976 last=sub897+40 (206s) eta=484min
[E04a] chunks 1470/1976 last=sub897+65 (205s) eta=478min
[E04a] chunks 1475/1976 last=sub897+90 (199s) eta=473min
[E04a] chunks 1480/1976 last=sub356+15 (196s) eta=467min
[E04a] chunks 1485/1976 last=sub356+40 (196s) eta=461min
[E04a] chunks 1490/1976 last=sub356+65 (204s) eta=456min
[E04a] chunks 1495/1976 last=sub356+90 (184s) eta=450min
[E04a] chunks 1500/1976 last=sub551+15 (215s) eta=445min
[E04a] chunks 1505/1976 last=sub551+40 (184s) eta=439min
[E04a] chunks 1510/1976 last=sub551+65 (183s) eta=434min
[E04a] chunks 1515/1976 last=sub551+90 (204s) eta=429min
[E04a] chunks 1520/1976 last=sub746+15 (181s) eta=423min
[E04a] chunks 1525/1976 last=sub746+40 (183s) eta=417min
[E04a] chunks 1530/1976 last=sub746+65 (166s) eta=412min
[E04a] chunks 1535/1976 last=sub746+90 (197s) eta=407min
[E04a] chunks 1540/1976 last=sub516+15 (195s) eta=401min
[E04a] chunks 1545/1976 last=sub516+40 (188s) eta=396min
[E04a] chunks 1550/1976 last=sub516+65 (206s) eta=391min
[E04a] chunks 1555/1976 last=sub516+90 (193s) eta=385min
[E04a] chunks 1560/1976 last=sub620+15 (189s) eta=380min
[E04a] chunks 1565/1976 last=sub620+40 (198s) eta=375min
[E04a] chunks 1570/1976 last=sub620+65 (180s) eta=370min
[E04a] chunks 1575/1976 last=sub620+90 (267s) eta=365min
[E04a] chunks 1580/1976 last=sub909+15 (262s) eta=359min
[E04a] chunks 1585/1976 last=sub909+40 (250s) eta=355min
[E04a] chunks 1590/1976 last=sub909+65 (220s) eta=350min
[E04a] chunks 1595/1976 last=sub909+90 (236s) eta=344min
[E04a] chunks 1600/1976 last=sub596+15 (209s) eta=340min
[E04a] chunks 1605/1976 last=sub596+40 (209s) eta=334min
[E04a] chunks 1610/1976 last=sub596+65 (199s) eta=329min
[E04a] chunks 1615/1976 last=sub596+90 (194s) eta=324min
[E04a] chunks 1620/1976 last=sub418+15 (202s) eta=319min
[E04a] chunks 1625/1976 last=sub418+40 (177s) eta=314min
[E04a] chunks 1630/1976 last=sub418+65 (186s) eta=309min
[E04a] chunks 1635/1976 last=sub418+90 (178s) eta=304min
[E04a] chunks 1640/1976 last=sub639+15 (169s) eta=299min
[E04a] chunks 1645/1976 last=sub639+40 (200s) eta=294min
[E04a] chunks 1650/1976 last=sub639+65 (184s) eta=289min
[E04a] chunks 1655/1976 last=sub639+90 (160s) eta=284min
[E04a] chunks 1660/1976 last=sub524+15 (178s) eta=279min
[E04a] chunks 1665/1976 last=sub524+40 (185s) eta=274min
[E04a] chunks 1670/1976 last=sub524+65 (199s) eta=270min
[E04a] chunks 1675/1976 last=sub524+90 (190s) eta=265min
[E04a] chunks 1680/1976 last=sub335+15 (192s) eta=260min
[E04a] chunks 1685/1976 last=sub335+40 (174s) eta=255min
[E04a] chunks 1690/1976 last=sub335+65 (217s) eta=250min
[E04a] chunks 1695/1976 last=sub335+90 (186s) eta=246min
[E04a] chunks 1700/1976 last=sub347+15 (190s) eta=241min
[E04a] chunks 1705/1976 last=sub347+40 (203s) eta=236min
[E04a] chunks 1710/1976 last=sub347+65 (176s) eta=231min
[E04a] chunks 1715/1976 last=sub347+90 (183s) eta=227min
[E04a] chunks 1720/1976 last=sub430+15 (176s) eta=222min
[E04a] chunks 1725/1976 last=sub430+40 (195s) eta=217min
[E04a] chunks 1730/1976 last=sub430+65 (170s) eta=213min
[E04a] chunks 1735/1976 last=sub430+90 (197s) eta=208min
[E04a] chunks 1740/1976 last=sub623+15 (167s) eta=203min
[E04a] chunks 1745/1976 last=sub623+40 (171s) eta=199min
[E04a] chunks 1750/1976 last=sub623+65 (161s) eta=194min
[E04a] chunks 1755/1976 last=sub623+90 (164s) eta=189min
[E04a] chunks 1760/1976 last=sub136+15 (181s) eta=185min
[E04a] chunks 1765/1976 last=sub136+40 (168s) eta=180min
[E04a] chunks 1770/1976 last=sub136+65 (160s) eta=176min
[E04a] chunks 1775/1976 last=sub136+90 (176s) eta=171min
[E04a] chunks 1780/1976 last=sub911+15 (168s) eta=167min
[E04a] chunks 1785/1976 last=sub911+40 (188s) eta=162min
[E04a] chunks 1790/1976 last=sub911+65 (161s) eta=158min
[E04a] chunks 1795/1976 last=sub911+90 (147s) eta=153min
[E04a] chunks 1800/1976 last=sub297+15 (172s) eta=149min
Traceback (most recent call last):
  File "D:\humanbrain\humanbrain\13_CROSS_SPECIES_CIS\05_NULLS\degree_preserving\null_models.py", line 519, in <module>
    battery_b(args.start, args.stop, workers=args.workers)
    
  File "D:\humanbrain\humanbrain\13_CROSS_SPECIES_CIS\05_NULLS\degree_preserving\null_models.py", line 511, in main
    if not args.no_validate:
        ^^^^^^^^^^^^^^^^^^^^
  File "D:\humanbrain\humanbrain\13_CROSS_SPECIES_CIS\05_NULLS\degree_preserving\null_models.py", line 382, in battery_a
    for sub, i0, npc, dt, n_ok in ex.map(_battery_a_chunk, jobs,
                                  ~~~~~~^^^^^^^^^^^^^^^^^^^^^^^^
                                         chunksize=1):
                                         ^^^^^^^^^^^^
  File "C:\Users\harsh\AppData\Local\Programs\Python\Python313\Lib\concurrent\futures\process.py", line 617, in _chain_from_iterable_of_lists
    for element in iterable:
                   ^^^^^^^^
  File "C:\Users\harsh\AppData\Local\Programs\Python\Python313\Lib\concurrent\futures\_base.py", line 619, in result_iterator
    yield _result_or_cancel(fs.pop())
          ~~~~~~~~~~~~~~~~~^^^^^^^^^^
  File "C:\Users\harsh\AppData\Local\Programs\Python\Python313\Lib\concurrent\futures\_base.py", line 317, in _result_or_cancel
    return fut.result(timeout)
           ~~~~~~~~~~^^^^^^^^^
  File "C:\Users\harsh\AppData\Local\Programs\Python\Python313\Lib\concurrent\futures\_base.py", line 456, in result
    return self.__get_result()
           ~~~~~~~~~~~~~~~~~^^
  File "C:\Users\harsh\AppData\Local\Programs\Python\Python313\Lib\concurrent\futures\_base.py", line 401, in __get_result
    raise self._exception
concurrent.futures.process.BrokenProcessPool: A process in the process pool was terminated abruptly while the future was running or pending.
