[E01] processing 10 zips with 4 workers
[E01] connectomes_part_1.zip done: 2520 matrices (total 2520) at 294s
[E01] connectomes_part_10.zip done: 2520 matrices (total 5040) at 306s
[E01] connectomes_part_2.zip done: 2520 matrices (total 7560) at 306s
[E01] connectomes_part_3.zip done: 2520 matrices (total 10080) at 306s
[E01] connectomes_part_4.zip done: 2520 matrices (total 12600) at 495s
[E01] connectomes_part_5.zip done: 2520 matrices (total 15120) at 509s
concurrent.futures.process._RemoteTraceback: 
"""
Traceback (most recent call last):
  File "C:\Users\harsh\AppData\Local\Programs\Python\Python313\Lib\concurrent\futures\process.py", line 210, in _sendback_result
    result_queue.put(_ResultItem(work_id, result=result,
    ~~~~~~~~~~~~~~~~^^^^^^^^^^^^^^^^^^^^^^^^^^^^^^^^^^^^
                                 exception=exception, exit_pid=exit_pid))
                                 ^^^^^^^^^^^^^^^^^^^^^^^^^^^^^^^^^^^^^^^^
  File "C:\Users\harsh\AppData\Local\Programs\Python\Python313\Lib\multiprocessing\queues.py", line 394, in put
    self._writer.send_bytes(obj)
    ~~~~~~~~~~~~~~~~~~~~~~~^^^^^
  File "C:\Users\harsh\AppData\Local\Programs\Python\Python313\Lib\multiprocessing\connection.py", line 200, in send_bytes
    self._send_bytes(m[offset:offset + size])
    ~~~~~~~~~~~~~~~~^^^^^^^^^^^^^^^^^^^^^^^^^
  File "C:\Users\harsh\AppData\Local\Programs\Python\Python313\Lib\multiprocessing\connection.py", line 289, in _send_bytes
    ov, err = _winapi.WriteFile(self._handle, buf, overlapped=True)
              ~~~~~~~~~~~~~~~~~^^^^^^^^^^^^^^^^^^^^^^^^^^^^^^^^^^^^
OSError: [WinError 1450] Insufficient system resources exist to complete the requested service
"""

The above exception was the direct cause of the following exception:

Traceback (most recent call last):
  File "D:\humanbrain\humanbrain\13_CROSS_SPECIES_CIS\02_PREPROCESSING\preprocess.py", line 153, in <module>
    main()
    ~~~~^^
  File "D:\humanbrain\humanbrain\13_CROSS_SPECIES_CIS\02_PREPROCESSING\preprocess.py", line 93, in main
    for i, (qc_rows, items) in enumerate(ex.map(process_zip, zpaths)):
                               ~~~~~~~~~^^^^^^^^^^^^^^^^^^^^^^^^^^^^^
  File "C:\Users\harsh\AppData\Local\Programs\Python\Python313\Lib\concurrent\futures\process.py", line 617, in _chain_from_iterable_of_lists
    for element in iterable:
                   ^^^^^^^^
  File "C:\Users\harsh\AppData\Local\Programs\Python\Python313\Lib\concurrent\futures\_base.py", line 619, in result_iterator
    yield _result_or_cancel(fs.pop())
          ~~~~~~~~~~~~~~~~~^^^^^^^^^^
  File "C:\Users\harsh\AppData\Local\Programs\Python\Python313\Lib\concurrent\futures\_base.py", line 317, in _result_or_cancel
    return fut.result(timeout)
           ~~~~~~~~~~^^^^^^^^^
  File "C:\Users\harsh\AppData\Local\Programs\Python\Python313\Lib\concurrent\futures\_base.py", line 449, in result
    return self.__get_result()
           ~~~~~~~~~~~~~~~~~^^
  File "C:\Users\harsh\AppData\Local\Programs\Python\Python313\Lib\concurrent\futures\_base.py", line 401, in __get_result
    raise self._exception
OSError: [WinError 1450] Insufficient system resources exist to complete the requested service
