[E06-gate] cost_10: max_dev=3.41e-16 PASS
[E06-gate] cost_20: max_dev=3.80e-16 PASS
[E06-gate] cost_25: max_dev=3.60e-16 PASS
[E06-gate] atlas_4S256: max_dev=4.19e-16 PASS
[E06-gate] atlas_4S156: max_dev=4.38e-16 PASS
[E06-gate] atlas_B246: max_dev=4.15e-16 PASS
[E06-gate] atlas_AAL116: max_dev=2.38e-16 PASS
[E06-gate] weight_invnodevol: max_dev=4.12e-16 PASS
[E06-gate] weight_r2count: max_dev=4.08e-16 PASS
[E06:cost_10] 25/150 at 3.3 min
[E06:cost_10] 50/150 at 5.1 min
[E06:cost_10] 75/150 at 7.3 min
[E06:cost_10] 100/150 at 10.0 min
[E06:cost_10] 125/150 at 12.4 min
[E06:cost_10] 150/150 at 14.7 min
[E06] cost_10 done in 14.7 min
[E06:cost_20] 25/150 at 2.5 min
[E06:cost_20] 50/150 at 4.5 min
[E06:cost_20] 75/150 at 6.2 min
[E06:cost_20] 100/150 at 7.8 min
[E06:cost_20] 125/150 at 9.8 min
[E06:cost_20] 150/150 at 11.5 min
[E06] cost_20 done in 11.5 min
[E06:cost_25] 25/150 at 1.9 min
[E06:cost_25] 50/150 at 3.4 min
[E06:cost_25] 75/150 at 4.9 min
[E06:cost_25] 100/150 at 6.5 min
[E06:cost_25] 125/150 at 8.0 min
[E06:cost_25] 150/150 at 9.3 min
[E06] cost_25 done in 9.3 min
[E06:atlas_4S256] 25/150 at 0.3 min
[E06:atlas_4S256] 50/150 at 0.5 min
[E06:atlas_4S256] 75/150 at 0.7 min
[E06:atlas_4S256] 100/150 at 0.8 min
[E06:atlas_4S256] 125/150 at 1.0 min
[E06:atlas_4S256] 150/150 at 1.2 min
[E06] atlas_4S256 done in 1.2 min
[E06:atlas_4S156] 25/150 at 0.1 min
[E06:atlas_4S156] 50/150 at 0.2 min
[E06:atlas_4S156] 75/150 at 0.2 min
[E06:atlas_4S156] 100/150 at 0.2 min
[E06:atlas_4S156] 125/150 at 0.3 min
[E06:atlas_4S156] 150/150 at 0.3 min
[E06] atlas_4S156 done in 0.3 min
[E06:atlas_B246] 25/150 at 0.3 min
[E06:atlas_B246] 50/150 at 0.5 min
[E06:atlas_B246] 75/150 at 0.7 min
[E06:atlas_B246] 100/150 at 0.9 min
[E06:atlas_B246] 125/150 at 1.1 min
[E06:atlas_B246] 150/150 at 1.2 min
[E06] atlas_B246 done in 1.2 min
[E06:atlas_AAL116] 25/150 at 0.1 min
[E06:atlas_AAL116] 50/150 at 0.2 min
[E06:atlas_AAL116] 75/150 at 0.2 min
[E06:atlas_AAL116] 100/150 at 0.2 min
[E06:atlas_AAL116] 125/150 at 0.2 min
[E06:atlas_AAL116] 150/150 at 0.3 min
[E06] atlas_AAL116 done in 0.3 min
[E06:weight_invnodevol] 25/150 at 2.1 min
[E06:weight_invnodevol] 50/150 at 4.0 min
[E06:weight_invnodevol] 75/150 at 5.8 min
[E06:weight_invnodevol] 100/150 at 7.6 min
[E06:weight_invnodevol] 125/150 at 9.4 min
[E06:weight_invnodevol] 150/150 at 12.0 min
[E06] weight_invnodevol done in 12.0 min
[E06:weight_r2count] 25/150 at 3.8 min
[E06:weight_r2count] 50/150 at 6.7 min
[E06:weight_r2count] 75/150 at 10.0 min
[E06:weight_r2count] 100/150 at 13.4 min
[E06:weight_r2count] 125/150 at 16.7 min
[E06:weight_r2count] 150/150 at 20.2 min
[E06] weight_r2count done in 20.3 min
        condition  n_subjects  top50_mean_of_means  gini_abs_cis_median  spearman_cis_degree_median
          cost_10         150             0.001564             0.526468                    0.897757
          cost_20         150             0.001029             0.475467                    0.979132
          cost_25         150             0.000926             0.457665                    0.995028
      atlas_4S256         150             0.001887             0.509547                    0.942207
      atlas_4S156         150             0.003179             0.561781                    0.956606
       atlas_B246         150             0.001704             0.458869                    0.946324
     atlas_AAL116         150             0.003848             0.538923                    0.944657
weight_invnodevol         150             0.001187             0.483157                    0.937898
   weight_r2count         150             0.001254             0.485261                    0.948878
