start pos=0 total=1444555927
progress 67108864/1444555927 (4.6%) 1.43 MB/s
progress 134217728/1444555927 (9.3%) 1.54 MB/s
progress 201326592/1444555927 (13.9%) 1.23 MB/s
progress 268435456/1444555927 (18.6%) 1.34 MB/s
progress 335544320/1444555927 (23.2%) 0.78 MB/s
progress 402653184/1444555927 (27.9%) 0.87 MB/s
progress 469762048/1444555927 (32.5%) 0.91 MB/s
progress 536870912/1444555927 (37.2%) 0.96 MB/s
progress 603979776/1444555927 (41.8%) 0.99 MB/s
progress 671088640/1444555927 (46.5%) 1.04 MB/s
progress 738197504/1444555927 (51.1%) 1.09 MB/s
progress 805306368/1444555927 (55.7%) 1.14 MB/s
progress 872415232/1444555927 (60.4%) 1.19 MB/s
progress 939524096/1444555927 (65.0%) 1.21 MB/s
progress 1006632960/1444555927 (69.7%) 1.24 MB/s
progress 1073741824/1444555927 (74.3%) 1.14 MB/s
progress 1140850688/1444555927 (79.0%) 1.16 MB/s
progress 1207959552/1444555927 (83.6%) 1.16 MB/s
progress 1275068416/1444555927 (88.3%) 1.19 MB/s
progress 1342177280/1444555927 (92.9%) 1.20 MB/s
progress 1409286144/1444555927 (97.6%) 1.21 MB/s
progress 1444555927/1444555927 (100.0%) 1.18 MB/s
size complete; gzip CRC check
gzip CRC OK, uncompressed 5186784448 bytes -> installing
OK_CHUNKED full16_100um_optbal.nii.gz installed
