====================================================================================================
[19796783] Standardized structural connectivity mapping of the AOMIC-ID1000 dataset: A multi-scale tractography resource
  license=cc-by-4.0  doi=10.5281/zenodo.19796783  published=2026-04-26
  creators=['Kotikalapudi, Raviteja', 'Spisák, Tamás']
  description:  This dataset contains derivative structural connectomes computed from the AOMIC dataset (https://openneuro.org/datasets/ds003097/versions/1.2.1). We employed a standardized pipeline consisting of QSIprep and QSIrecon (incorporating MRtrix3 methodologies) to generate the diffusion-based matrices. The derivatives are provided across a range of parcellation schemes. For a mapping of the atlas nomenclature and dimensions, please refer to the provided atlas dictionary. { &nbsp; &nbsp; "schaefer_156": "atlas_4S156Parcels_sift_invnodevol_radius2_count_connectivity", &nbsp; &nbsp; "schaefer_256": "atlas_4S256Parcels_sift_invnodevol_radius2_count_connectivity", &nbsp; &nbsp; "schaefer_456": "atlas_4S456Parcels_sift_invnodevol_radius2_count_connectivity", &nbsp; &nbsp; "aicha_384": "atlas_AICHA384Ext_sift_invnodevol_radius2_count_connectivity", &nbsp; &nbsp; "brainnetome_246Ext": "atlas_Brainneto
  files (10):
       723.80 MB  connectomes_part_9.zip
        https://zenodo.org/api/records/19796783/files/connectomes_part_9.zip/content
       720.60 MB  connectomes_part_6.zip
        https://zenodo.org/api/records/19796783/files/connectomes_part_6.zip/content
       719.86 MB  connectomes_part_3.zip
        https://zenodo.org/api/records/19796783/files/connectomes_part_3.zip/content
       717.87 MB  connectomes_part_7.zip
        https://zenodo.org/api/records/19796783/files/connectomes_part_7.zip/content
       712.52 MB  connectomes_part_8.zip
        https://zenodo.org/api/records/19796783/files/connectomes_part_8.zip/content
       702.84 MB  connectomes_part_5.zip
        https://zenodo.org/api/records/19796783/files/connectomes_part_5.zip/content
       699.78 MB  connectomes_part_4.zip
        https://zenodo.org/api/records/19796783/files/connectomes_part_4.zip/content
       696.08 MB  connectomes_part_2.zip
        https://zenodo.org/api/records/19796783/files/connectomes_part_2.zip/content
       695.95 MB  connectomes_part_10.zip
        https://zenodo.org/api/records/19796783/files/connectomes_part_10.zip/content
       677.87 MB  connectomes_part_1.zip
        https://zenodo.org/api/records/19796783/files/connectomes_part_1.zip/content
====================================================================================================
[8158914] Brain Hierarchical Atlas 2 (BHA2)
  license=cc-by-4.0  doi=10.5281/zenodo.8158914  published=2023-07-18
  creators=['Jimenez-Marin Antonio', 'Diez, Ibai', 'Erramuzpe, Asier', 'Stramaglia, Sebastiano', 'Bonifazi, Paolo']
  description:  Elucidating the intricate relationship between the structure and function of the brain, both in healthy and pathological conditions, is a key challenge for modern neuroscience. Magnetic Resonance Imaging (MRI) has helped in the understanding of this matter, with diffusion images providing information about structural connectivity (SC) and resting-state functional MRI revealing the functional connectivity (FC). Furthermore, the brain operates by discrete multiscale computations in both the time and spatial domains, in a way that is far from known (Churchland and Sejnowski, The MIT Press, 1994). To advance in the understanding of this puzzle, a dual structure-function hierarchical clustering strategy was proposed in (Diez et. al, SciRep, 2015), providing a common skeleton shared by structure and function. Here, we further extend this approach by: 1. Fine-tuning the amount of matching betw
  files (2):
     12180.66 MB  data.zip
        https://zenodo.org/api/records/8158914/files/data.zip/content
         0.00 MB  participants.tsv
        https://zenodo.org/api/records/8158914/files/participants.tsv/content
====================================================================================================
[10050233] Human Connectome Project (HCP) Intrahemispheric FC
  license=cc-zero  doi=10.5281/zenodo.10050233  published=2023-10-28
  creators=['Zhou, Shuo', 'Luo, Junhao', 'Jiang, Yaya', 'Lu, Haiping', 'Gong, Gaolang']
  description: 
  files (3):
       115.25 MB  HCP_BNA_intra_half_brain_REST2_Fisherz.hdf5
        https://zenodo.org/api/records/10050233/files/HCP_BNA_intra_half_brain_REST2_Fisherz.hdf5/content
       115.25 MB  HCP_BNA_intra_half_brain_REST1_Fisherz.hdf5
        https://zenodo.org/api/records/10050233/files/HCP_BNA_intra_half_brain_REST1_Fisherz.hdf5/content
         0.01 MB  HCP_half_brain.csv
        https://zenodo.org/api/records/10050233/files/HCP_half_brain.csv/content
====================================================================================================
[21771265] Code and Toy Data for "Ageing conserves and redistributes local geometry in the human structural connectome: an Ollivier-Ricci curvature analysis across the adult lifespan"
  license=cc-by-4.0  doi=10.5281/zenodo.21771265  published=2026-08-03
  creators=['Debona, Rodrigo', 'Walz, Roger']
  description:  Zenodo record description &nbsp; Analysis code and synthetic test data Ageing conserves and redistributes local geometry in the human structural connectome: an Ollivier-Ricci curvature analysis across the adult lifespan This record accompanies the paper above. It contains the complete analysis code together with a cohort of 400 synthetic structural connectomes, so that the pipeline can be run end to end by anyone who is curious, without waiting on a data access request. Thank you for looking. If you are here to check a method, reuse a piece of the code, or simply see whether the thing runs, everything you need is in the archive and the entry point is a single script. What the study does The analysis treats each structural connectome as a discrete metric space and measures Ollivier-Ricci curvature on its edges, asking how the local geometry of the connectome is organised across the adult
  files (14):
        39.91 MB  synthetic_sc_schaefer200_sift2.zip
        https://zenodo.org/api/records/21771265/files/synthetic_sc_schaefer200_sift2.zip/content
         1.32 MB  fig09_release_overview.png
        https://zenodo.org/api/records/21771265/files/fig09_release_overview.png/content
         0.03 MB  ricciflux.py
        https://zenodo.org/api/records/21771265/files/ricciflux.py/content
         0.03 MB  06_figures_and_tables.py
        https://zenodo.org/api/records/21771265/files/06_figures_and_tables.py/content
         0.01 MB  05_topography_and_networks.py
        https://zenodo.org/api/records/21771265/files/05_topography_and_networks.py/content
         0.01 MB  figkit.py
        https://zenodo.org/api/records/21771265/files/figkit.py/content
         0.01 MB  04_controls.py
        https://zenodo.org/api/records/21771265/files/04_controls.py/content
         0.01 MB  03_age_effects.py
        https://zenodo.org/api/records/21771265/files/03_age_effects.py/content
         0.00 MB  README.md
        https://zenodo.org/api/records/21771265/files/README.md/content
         0.00 MB  01_cohort_and_graphs.py
        https://zenodo.org/api/records/21771265/files/01_cohort_and_graphs.py/content
         0.00 MB  02_curvature.py
        https://zenodo.org/api/records/21771265/files/02_curvature.py/content
         0.00 MB  config.py
        https://zenodo.org/api/records/21771265/files/config.py/content
         0.00 MB  curvature_core.py
        https://zenodo.org/api/records/21771265/files/curvature_core.py/content
         0.00 MB  run_all.sh
        https://zenodo.org/api/records/21771265/files/run_all.sh/content
