====================================================================================================
QUERY: title:"MICA-MICs"
  total hits: 0
====================================================================================================
QUERY: title:("structural connectome") AND title:(human)
  total hits: 1
  [21771265] lic=cc-by-4.0 files=14 41.4MB
      title: Code and Toy Data for "Ageing conserves and redistributes local geometry in the human structural connectome: a
      - 03_age_effects.py  0.01MB
      - 04_controls.py  0.01MB
      - curvature_core.py  0.00MB
      - config.py  0.00MB
      - 02_curvature.py  0.00MB
      - fig09_release_overview.png  1.32MB
====================================================================================================
QUERY: title:("group connectome")
  total hits: 0
====================================================================================================
QUERY: title:("connectome") AND title:("HCP") AND type:dataset
  total hits: 2
  [10050233] lic=cc-zero files=3 230.5MB
      title: Human Connectome Project (HCP) Intrahemispheric FC
      - HCP_half_brain.csv  0.01MB
      - HCP_BNA_intra_half_brain_REST2_Fisherz.hdf5  115.25MB
      - HCP_BNA_intra_half_brain_REST1_Fisherz.hdf5  115.25MB
  [22160678] lic=cc-by-4.0 files=1 0.0MB
      title: dicompare schema: Human Connectome Project (HCP) Young Adult 3T Protocol (v1.0)
      - hcp_schema.json  0.05MB
====================================================================================================
QUERY: ("structural connectivity") AND ("parcellation") AND type:dataset
  total hits: 3
  [20473972] lic=cc-by-4.0 files=8 1.2MB
      title: Revisiting the Role of Structural Connectivity-Based Parcellation in Thalamic Nuclei Segmentation: Benchmarkin
      - 23parcellation.sh  0.02MB
      - 8parcellation.sh  0.01MB
      - glassvolume_11label_mni.nii.gz  0.29MB
      - glassvolume_23label_mni.nii.gz  0.30MB
      - glassvolume_8label_mni.gz  0.52MB
      - 11parcellation.sh  0.01MB
  [8158914] lic=cc-by-4.0 files=2 12180.7MB
      title: Brain Hierarchical Atlas 2 (BHA2)
      - data.zip  12180.66MB
      - participants.tsv  0.00MB
  [19796783] lic=cc-by-4.0 files=10 7067.2MB
      title: Standardized structural connectivity mapping of the AOMIC-ID1000 dataset: A multi-scale tractography resource
      - connectomes_part_8.zip  712.52MB
      - connectomes_part_9.zip  723.80MB
      - connectomes_part_5.zip  702.84MB
      - connectomes_part_7.zip  717.87MB
      - connectomes_part_10.zip  695.95MB
      - connectomes_part_2.zip  696.08MB
====================================================================================================
QUERY: title:("brain connectivity") AND title:("dataset") AND type:dataset
  error TimeoutError The read operation timed out
