=== cls_hist_nii ===
-rw-r--r--   1 ftp      ftp        201506 Aug 22  2016 full_cls_1000um.nii.gz
-rw-r--r--   1 ftp      ftp      68558073 Aug 22  2016 full_cls_100um.nii.gz
-rw-r--r--   1 ftp      ftp      16782727 Jan 22  2021 full_cls_200um_9classes.nii.gz
-rw-r--r--   1 ftp      ftp       3192592 Jan 22  2021 full_cls_200um_mask.nii.gz
-rw-r--r--   1 ftp      ftp      13425885 Jan 22  2021 full_cls_200um_mrisim.nii.gz
-rw-r--r--   1 ftp      ftp      12199517 Aug 22  2016 full_cls_200um.nii.gz
-rw-r--r--   1 ftp      ftp       4330187 Aug 22  2016 full_cls_300um.nii.gz
-rw-r--r--   1 ftp      ftp       2076307 Aug 22  2016 full_cls_400um.nii.gz
-rw-r--r--   1 ftp      ftp         97471 Oct 14  2023 hemispheres_mask_1000um.nii.gz
-rw-r--r--   1 ftp      ftp      28480440 Oct 14  2023 hemispheres_mask_100um.nii.gz
-rw-r--r--   1 ftp      ftp       5328836 Oct 14  2023 hemispheres_mask_200um.nii.gz
-rw-r--r--   1 ftp      ftp       1860524 Oct 14  2023 hemispheres_mask_300um.nii.gz
-rw-r--r--   1 ftp      ftp        888690 Oct 14  2023 hemispheres_mask_400um.nii.gz

=== mri_nii ===
-rw-r--r--   1 ftp      ftp      33460901 Oct 18  2024 mri_to_blk_aligned.nii.gz

=== roi_occipital ===
-rw-r--r--   1 ftp      ftp         71464 Aug 22  2016 occipital_left_1000um.nii.gz
-rw-r--r--   1 ftp      ftp      60817038 Aug 22  2016 occipital_left_100um.nii.gz
-rw-r--r--   1 ftp      ftp       7822498 Aug 22  2016 occipital_left_200um.nii.gz
-rw-r--r--   1 ftp      ftp      6577916551 Aug 22  2016 occipital_left_20um.nii.gz
-rw-r--r--   1 ftp      ftp       2366419 Aug 22  2016 occipital_left_300um.nii.gz
-rw-r--r--   1 ftp      ftp       1011029 Aug 22  2016 occipital_left_400um.nii.gz
-rw-r--r--   1 ftp      ftp      926474944 Aug 22  2016 occipital_left_40um.nii.gz
-rw-r--r--   1 ftp      ftp      275943846 Aug 22  2016 occipital_left_60um.nii.gz
-rw-r--r--   1 ftp      ftp      116927112 Aug 22  2016 occipital_left_80um.nii.gz
-rw-r--r--   1 ftp      ftp         62846 Aug 22  2016 occipital_right_1000um.nii.gz
-rw-r--r--   1 ftp      ftp      56161168 Aug 22  2016 occipital_right_100um.nii.gz
-rw-r--r--   1 ftp      ftp       7209077 Aug 22  2016 occipital_right_200um.nii.gz
-rw-r--r--   1 ftp      ftp      6098833420 Aug 22  2016 occipital_right_20um.nii.gz
-rw-r--r--   1 ftp      ftp       2145886 Aug 22  2016 occipital_right_300um.nii.gz
-rw-r--r--   1 ftp      ftp        928514 Aug 22  2016 occipital_right_400um.nii.gz
-rw-r--r--   1 ftp      ftp      858965079 Aug 22  2016 occipital_right_40um.nii.gz
-rw-r--r--   1 ftp      ftp      255670099 Aug 22  2016 occipital_right_60um.nii.gz
-rw-r--r--   1 ftp      ftp      108311860 Aug 22  2016 occipital_right_80um.nii.gz

=== roi_heschl ===
-rw-r--r--   1 ftp      ftp         12438 Aug 22  2016 Heschl_right_1000um.nii.gz
-rw-r--r--   1 ftp      ftp      10615933 Aug 22  2016 Heschl_right_100um.nii.gz
-rw-r--r--   1 ftp      ftp       1350366 Aug 22  2016 Heschl_right_200um.nii.gz
-rw-r--r--   1 ftp      ftp      1156947459 Aug 22  2016 Heschl_right_20um.nii.gz
-rw-r--r--   1 ftp      ftp        414970 Aug 22  2016 Heschl_right_300um.nii.gz
-rw-r--r--   1 ftp      ftp        175926 Aug 22  2016 Heschl_right_400um.nii.gz
-rw-r--r--   1 ftp      ftp      162640520 Aug 22  2016 Heschl_right_40um.nii.gz
-rw-r--r--   1 ftp      ftp      48586381 Aug 22  2016 Heschl_right_60um.nii.gz
-rw-r--r--   1 ftp      ftp      20506712 Aug 22  2016 Heschl_right_80um.nii.gz

=== roi_central ===
-rw-r--r--   1 ftp      ftp          6639 Aug 22  2016 Central_left_1000um.nii.gz
-rw-r--r--   1 ftp      ftp       5429917 Aug 22  2016 Central_left_100um.nii.gz
-rw-r--r--   1 ftp      ftp        686679 Aug 22  2016 Central_left_200um.nii.gz
-rw-r--r--   1 ftp      ftp      597583915 Aug 22  2016 Central_left_20um.nii.gz
-rw-r--r--   1 ftp      ftp        209336 Aug 22  2016 Central_left_300um.nii.gz
-rw-r--r--   1 ftp      ftp         87676 Aug 22  2016 Central_left_400um.nii.gz
-rw-r--r--   1 ftp      ftp      83839740 Aug 22  2016 Central_left_40um.nii.gz
-rw-r--r--   1 ftp      ftp      24976970 Aug 22  2016 Central_left_60um.nii.gz
-rw-r--r--   1 ftp      ftp      10600940 Aug 22  2016 Central_left_80um.nii.gz

=== roi_ba10 ===
-rw-r--r--   1 ftp      ftp          4242 Aug 22  2016 BA10_right_1000um.nii.gz
-rw-r--r--   1 ftp      ftp       3347390 Aug 22  2016 BA10_right_100um.nii.gz
-rw-r--r--   1 ftp      ftp        430386 Aug 22  2016 BA10_right_200um.nii.gz
-rw-r--r--   1 ftp      ftp      363355981 Aug 22  2016 BA10_right_20um.nii.gz
-rw-r--r--   1 ftp      ftp        127606 Aug 22  2016 BA10_right_300um.nii.gz
-rw-r--r--   1 ftp      ftp         55553 Aug 22  2016 BA10_right_400um.nii.gz
-rw-r--r--   1 ftp      ftp      51217421 Aug 22  2016 BA10_right_40um.nii.gz
-rw-r--r--   1 ftp      ftp      15344581 Aug 22  2016 BA10_right_60um.nii.gz
-rw-r--r--   1 ftp      ftp       6500239 Aug 22  2016 BA10_right_80um.nii.gz

=== roi_hippo ===
-rw-r--r--   1 ftp      ftp      101345793 Aug 22  2016 hippocampus_left_100um.nii.gz
-rw-r--r--   1 ftp      ftp      13057105 Aug 22  2016 hippocampus_left_200um.nii.gz
-rw-r--r--   1 ftp      ftp       1672255 Aug 22  2016 hippocampus_left_400um.nii.gz
-rw-r--r--   1 ftp      ftp      1552794638 Aug 22  2016 hippocampus_left_40um.nii.gz
-rw-r--r--   1 ftp      ftp      101345986 Aug 22  2016 hippocampus_left_neg_100um.nii.gz
-rw-r--r--   1 ftp      ftp      13057105 Aug 22  2016 hippocampus_left_neg_200um.nii.gz
-rw-r--r--   1 ftp      ftp       1672344 Aug 22  2016 hippocampus_left_neg_400um.nii.gz
-rw-r--r--   1 ftp      ftp      1552796515 Aug 22  2016 hippocampus_left_neg_40um.nii.gz
-rw-r--r--   1 ftp      ftp      118116783 Aug 22  2016 hippocampus_right_100um.nii.gz
-rw-r--r--   1 ftp      ftp      15147973 Aug 22  2016 hippocampus_right_200um.nii.gz
-rw-r--r--   1 ftp      ftp       1950590 Aug 22  2016 hippocampus_right_400um.nii.gz
-rw-r--r--   1 ftp      ftp      1805567037 Aug 22  2016 hippocampus_right_40um.nii.gz
-rw-r--r--   1 ftp      ftp      118116871 Aug 22  2016 hippocampus_right_neg_100um.nii.gz
-rw-r--r--   1 ftp      ftp      15148009 Aug 22  2016 hippocampus_right_neg_200um.nii.gz
-rw-r--r--   1 ftp      ftp       1950595 Aug 22  2016 hippocampus_right_neg_400um.nii.gz
-rw-r--r--   1 ftp      ftp      1805568749 Aug 22  2016 hippocampus_right_neg_40um.nii.gz

=== roi_hypothalamus ===
-rw-r--r--   1 ftp      ftp      41219850 Aug 22  2016 hypothalamus_full_100um.nii.gz
-rw-r--r--   1 ftp      ftp       5312086 Aug 22  2016 hypothalamus_full_200um.nii.gz
-rw-r--r--   1 ftp      ftp        677994 Aug 22  2016 hypothalamus_full_400um.nii.gz
-rw-r--r--   1 ftp      ftp      634516208 Aug 22  2016 hypothalamus_full_40um.nii.gz
-rw-r--r--   1 ftp      ftp      41219946 Aug 22  2016 hypothalamus_full_neg_100um.nii.gz
-rw-r--r--   1 ftp      ftp       5312423 Aug 22  2016 hypothalamus_full_neg_200um.nii.gz
-rw-r--r--   1 ftp      ftp        678128 Aug 22  2016 hypothalamus_full_neg_400um.nii.gz
-rw-r--r--   1 ftp      ftp      634516921 Aug 22  2016 hypothalamus_full_neg_40um.nii.gz

=== roi_cerebellum ===
-rw-r--r--   1 ftp      ftp      418526085 Jan 15  2021 cerebellum_full_100um.nii.gz
-rw-r--r--   1 ftp      ftp      55035081 Jan 15  2021 cerebellum_full_200um.nii.gz
-rw-r--r--   1 ftp      ftp       7319491 Jan 15  2021 cerebellum_full_400um.nii.gz
-rw-r--r--   1 ftp      ftp      1885255575 Jan 15  2021 cerebellum_full_60um.nii.gz
-rw-r--r--   1 ftp      ftp      810632007 Jan 15  2021 cerebellum_full_80um.nii.gz
-rw-r--r--   1 ftp      ftp      431118283 Jan 15  2021 cerebellum_full_neg_100um.nii.gz
-rw-r--r--   1 ftp      ftp      56874857 Jan 15  2021 cerebellum_full_neg_200um.nii.gz
-rw-r--r--   1 ftp      ftp       7640891 Jan 15  2021 cerebellum_full_neg_400um.nii.gz
-rw-r--r--   1 ftp      ftp      1922745501 Jan 15  2021 cerebellum_full_neg_60um.nii.gz
-rw-r--r--   1 ftp      ftp      831651958 Jan 15  2021 cerebellum_full_neg_80um.nii.gz

RELIST2_DONE
