=== surfaces_gii ===
-rw-r--r--   1 ftp      ftp       3113753 Jan 22  2021 bigbrain_white_mc_mask_left.func.gii
-rw-r--r--   1 ftp      ftp       3113753 Jan 22  2021 bigbrain_white_mc_mask_right.func.gii
-rw-r--r--   1 ftp      ftp       7865553 Jan 22  2021 gray_left_327680_2009b_sym.surf.gii
-rw-r--r--   1 ftp      ftp       7865553 Jan 22  2021 gray_left_327680.surf.gii
-rw-r--r--   1 ftp      ftp       7865553 Jan 22  2021 gray_left_rsl_327680_2009b_sym.surf.gii
-rw-r--r--   1 ftp      ftp       7865553 Jan 22  2021 gray_left_rsl_327680.surf.gii
-rw-r--r--   1 ftp      ftp       7865553 Jan 22  2021 gray_right_327680_2009b_sym.surf.gii
-rw-r--r--   1 ftp      ftp       7865553 Jan 22  2021 gray_right_327680.surf.gii
-rw-r--r--   1 ftp      ftp       7865553 Jan 22  2021 gray_right_rsl_327680_2009b_sym.surf.gii
-rw-r--r--   1 ftp      ftp       7865553 Jan 22  2021 gray_right_rsl_327680.surf.gii
-rw-r--r--   1 ftp      ftp       7865553 Jan 22  2021 white_left_327680_2009b_sym.surf.gii
-rw-r--r--   1 ftp      ftp       7865553 Jan 22  2021 white_left_327680.surf.gii
-rw-r--r--   1 ftp      ftp       7865553 Jan 22  2021 white_left_rsl_327680_2009b_sym.surf.gii
-rw-r--r--   1 ftp      ftp       7865553 Jan 22  2021 white_left_rsl_327680.surf.gii
-rw-r--r--   1 ftp      ftp       7865553 Jan 22  2021 white_right_327680_2009b_sym.surf.gii
-rw-r--r--   1 ftp      ftp       7865553 Jan 22  2021 white_right_327680.surf.gii
-rw-r--r--   1 ftp      ftp       7865553 Jan 22  2021 white_right_rsl_327680_2009b_sym.surf.gii
-rw-r--r--   1 ftp      ftp       7865553 Jan 22  2021 white_right_rsl_327680.surf.gii

=== parcel_BB_Brainnetome ===
-rw-r--r--   1 ftp      ftp       1317441 Apr  3  2020 lh.BN_atlas.annot
-rw-r--r--   1 ftp      ftp         53899 Apr  3  2020 lh.BN_atlas.label.gii
-rw-r--r--   1 ftp      ftp        556246 Apr  3  2020 lh.BN_atlas.label.txt
-rw-r--r--   1 ftp      ftp       1317441 Apr  3  2020 rh.BN_atlas.annot
-rw-r--r--   1 ftp      ftp         54064 Apr  3  2020 rh.BN_atlas.label.gii
-rw-r--r--   1 ftp      ftp        554551 Apr  3  2020 rh.BN_atlas.label.txt

=== parcel_BB_Surfaces ===
-rw-r--r--   1 ftp      ftp       5898772 Apr  3  2020 lh.white
-rw-r--r--   1 ftp      ftp       3839526 Apr  3  2020 lh.white.anat.surf.gii
-rw-r--r--   1 ftp      ftp      17492920 Apr  3  2020 lh.white.obj
-rw-r--r--   1 ftp      ftp       5898772 Apr  3  2020 rh.white
-rw-r--r--   1 ftp      ftp       4009999 Apr  3  2020 rh.white.anat.surf.gii
-rw-r--r--   1 ftp      ftp      17334170 Apr  3  2020 rh.white.obj

=== parcel_fsLR_HCPMMP ===
-rw-r--r--   1 ftp      ftp       1323143 Apr  3  2020 lh.HCP-MMP-1.0.annot
-rw-r--r--   1 ftp      ftp         61423 Apr  3  2020 lh.HCP-MMP-1.0.label.gii
-rw-r--r--   1 ftp      ftp        625830 Apr  3  2020 lh.HCP-MMP-1.0.label.txt
-rw-r--r--   1 ftp      ftp       1323143 Apr  3  2020 rh.HCP-MMP-1.0.annot
-rw-r--r--   1 ftp      ftp         61346 Apr  3  2020 rh.HCP-MMP-1.0.label.gii
-rw-r--r--   1 ftp      ftp        517066 Apr  3  2020 rh.HCP-MMP-1.0.label.txt

=== warp_white_surfaces ===
-rw-r--r--   1 ftp      ftp          3275 Jan 19  2024 lh.BigBrain.mask.label.gii
-rw-r--r--   1 ftp      ftp        327684 Jan 19  2024 lh.BigBrain.mask.label.txt
-rw-r--r--   1 ftp      ftp       3840250 Feb 23  2021 lh.BigBrain.white.surf.gii
-rw-r--r--   1 ftp      ftp      17821396 Feb 23  2021 lh.BigBrain.white.surf.obj
-rw-r--r--   1 ftp      ftp       4339562 Feb 23  2021 lh.fsavg.white.surf.gii
-rw-r--r--   1 ftp      ftp       3629977 Feb 23  2021 lh.fsLR.white.surf.gii
-rw-r--r--   1 ftp      ftp          3383 Jan 17  2024 lh.MNI152.mask.label.gii
-rw-r--r--   1 ftp      ftp        327684 Jan 17  2024 lh.MNI152.mask.label.txt
-rw-r--r--   1 ftp      ftp       3830910 Feb 24  2021 lh.MNI152.white.surf.gii
-rw-r--r--   1 ftp      ftp      17847934 Feb 24  2021 lh.MNI152.white.surf.obj
-rw-r--r--   1 ftp      ftp          3124 Jan 19  2024 rh.BigBrain.mask.label.gii
-rw-r--r--   1 ftp      ftp        327684 Jan 19  2024 rh.BigBrain.mask.label.txt
-rw-r--r--   1 ftp      ftp       4010755 Feb 23  2021 rh.BigBrain.white.surf.gii
-rw-r--r--   1 ftp      ftp      17667050 Feb 23  2021 rh.BigBrain.white.surf.obj
-rw-r--r--   1 ftp      ftp       4339570 Feb 23  2021 rh.fsavg.white.surf.gii
-rw-r--r--   1 ftp      ftp       3506039 Feb 23  2021 rh.fsLR.white.surf.gii
-rw-r--r--   1 ftp      ftp          3384 Jan 17  2024 rh.MNI152.mask.label.gii
-rw-r--r--   1 ftp      ftp        327684 Jan 17  2024 rh.MNI152.mask.label.txt
-rw-r--r--   1 ftp      ftp       3997019 Feb 24  2021 rh.MNI152.white.surf.gii
-rw-r--r--   1 ftp      ftp      17677361 Feb 24  2021 rh.MNI152.white.surf.obj

=== warp_mni152_spheres ===
-rw-r--r--   1 ftp      ftp       3845299 Feb 23  2021 lh.BigBrain.rot.fsavg.sphere.surf.gii
-rw-r--r--   1 ftp      ftp       3845237 Feb 23  2021 lh.MNI152.rot.fsavg.sphere.surf.gii
-rw-r--r--   1 ftp      ftp       3846744 Feb 23  2021 lh.sphere_BigBrain_rsled_like_MNI152.sphere.reg.surf.gii
-rw-r--r--   1 ftp      ftp       3845560 Feb 23  2021 lh.sphere_MNI152_rsled_like_BigBrain.sphere.reg.surf.gii
-rw-r--r--   1 ftp      ftp       4011108 Feb 23  2021 rh.BigBrain.rot.fsavg.sphere.surf.gii
-rw-r--r--   1 ftp      ftp       4010674 Feb 23  2021 rh.MNI152.rot.fsavg.sphere.surf.gii
-rw-r--r--   1 ftp      ftp       4012508 Feb 23  2021 rh.sphere_BigBrain_rsled_like_MNI152.sphere.reg.surf.gii
-rw-r--r--   1 ftp      ftp       4009729 Feb 23  2021 rh.sphere_MNI152_rsled_like_BigBrain.sphere.reg.surf.gii

=== warp_fsLR_spheres ===
-rw-r--r--   1 ftp      ftp       3850167 Feb 18  2021 lh.BigBrain.rot.fsLR.sphere.surf.gii
-rw-r--r--   1 ftp      ftp       3614784 Feb 18  2021 lh.fsLR.sphere.surf.gii
-rw-r--r--   1 ftp      ftp       3616747 Feb 18  2021 lh.sphere_BigBrain_rsled_like_fsLR.sphere.reg.surf.gii
-rw-r--r--   1 ftp      ftp       3848862 Feb 18  2021 lh.sphere_fsLR_rsled_like_BigBrain.sphere.reg.surf.gii
-rw-r--r--   1 ftp      ftp       4009408 Feb 18  2021 rh.BigBrain.rot.fsLR.sphere.surf.gii
-rw-r--r--   1 ftp      ftp       3492005 Feb 18  2021 rh.fsLR.sphere.surf.gii
-rw-r--r--   1 ftp      ftp       3494019 Feb 18  2021 rh.sphere_BigBrain_rsled_like_fsLR.sphere.reg.surf.gii
-rw-r--r--   1 ftp      ftp       4008319 Feb 18  2021 rh.sphere_fsLR_rsled_like_BigBrain.sphere.reg.surf.gii

=== hippo_gii ===
-rw-r--r--   1 ftp      ftp      12042161 Jan 22  2021 sub-bbhist_hemi-L_CA1.surf.gii
-rw-r--r--   1 ftp      ftp       7164561 Jan 22  2021 sub-bbhist_hemi-L_CA2.surf.gii
-rw-r--r--   1 ftp      ftp       7170353 Jan 22  2021 sub-bbhist_hemi-L_CA3.surf.gii
-rw-r--r--   1 ftp      ftp       7269073 Jan 22  2021 sub-bbhist_hemi-L_CA4.surf.gii
-rw-r--r--   1 ftp      ftp       9827569 Jan 22  2021 sub-bbhist_hemi-L_DG.surf.gii
-rw-r--r--   1 ftp      ftp       6268113 Jan 22  2021 sub-bbhist_hemi-L_midSurf.surf.gii
-rw-r--r--   1 ftp      ftp       9630289 Jan 22  2021 sub-bbhist_hemi-L_Sub.surf.gii
-rw-r--r--   1 ftp      ftp      11969553 Jan 22  2021 sub-bbhist_hemi-R_CA1.surf.gii
-rw-r--r--   1 ftp      ftp       7163121 Jan 22  2021 sub-bbhist_hemi-R_CA2.surf.gii
-rw-r--r--   1 ftp      ftp       7142913 Jan 22  2021 sub-bbhist_hemi-R_CA3.surf.gii
-rw-r--r--   1 ftp      ftp       7162737 Jan 22  2021 sub-bbhist_hemi-R_CA4.surf.gii
-rw-r--r--   1 ftp      ftp       9683889 Jan 22  2021 sub-bbhist_hemi-R_DG.surf.gii
-rw-r--r--   1 ftp      ftp       6268113 Jan 22  2021 sub-bbhist_hemi-R_midSurf.surf.gii
-rw-r--r--   1 ftp      ftp       9627633 Jan 22  2021 sub-bbhist_hemi-R_Sub.surf.gii

RELIST_DONE
