--- attempt 1 ---
splitting remaining coronal files across both hosts
parallel coronal_main: rc=0
parallel coronal_mirror: rc=0
attempt 1 complete: manifest failures=14
--- attempt 2 ---
splitting remaining coronal files across both hosts
parallel coronal_main: rc=0
parallel coronal_mirror: rc=0
attempt 2 complete: manifest failures=14
--- attempt 3 ---
splitting remaining coronal files across both hosts
parallel coronal_main: rc=0
parallel coronal_mirror: rc=0
attempt 3 complete: manifest failures=14
--- attempt 4 ---
splitting remaining coronal files across both hosts
parallel coronal_main: rc=0
parallel coronal_mirror: rc=0
attempt 4 complete: manifest failures=14
--- attempt 5 ---
splitting remaining coronal files across both hosts
parallel coronal_main: rc=0
parallel coronal_mirror: rc=0
attempt 5 complete: manifest failures=14
--- attempt 6 ---
splitting remaining coronal files across both hosts
parallel coronal_main: rc=0
parallel coronal_mirror: rc=0
attempt 6 complete: manifest failures=14
final step: verify_downloads.py
final step: csm_collect.py
final step: csm_finalize.py
final step: final_report.py
REPAIR_ALL_DONE
