verified 200...
verified 400...
verified 600...
verified 800...
verified 1000...
verified 1200...
verified 1400...
verified 1600...
verified 1800...
verified 2000...
verified 2200...
verified 2400...
verified 2600...
verified 2800...
verified 3000...
verified 3200...
verified 3400...
verified 3600...
verified 3800...
verified 4000...
verified 4200...
verified 4400...
verified 4600...
verified 4800...
verified 5000...
verified 5200...
verified 5400...
verified 5600...
verified 5800...
verified 6000...
verified 6200...
verified 6400...
verified 6600...
verified 6800...
verified 7000...
verified 7200...
verified 7400...
verified 7600...
{
 "png": 7404,
 "nifti": 40,
 "gii": 104,
 "other": 112
}
total=7660 verified=7660 failed=0
VERIFY_DONE
