2026-09-19T19:21:02 watcher started
2026-09-19T19:23:02 progress: ok=994 bad=0 dl_batch_procs=2
2026-09-19T19:25:03 progress: ok=1057 bad=0 dl_batch_procs=2
2026-09-19T19:27:03 progress: ok=1114 bad=0 dl_batch_procs=2
2026-09-19T19:29:04 progress: ok=1160 bad=0 dl_batch_procs=2
2026-09-19T19:31:05 progress: ok=1199 bad=0 dl_batch_procs=2
2026-09-19T19:33:05 progress: ok=1236 bad=0 dl_batch_procs=2
2026-09-19T19:35:05 progress: ok=1282 bad=0 dl_batch_procs=2
2026-09-19T19:37:06 progress: ok=1326 bad=0 dl_batch_procs=2
2026-09-19T19:39:06 progress: ok=1368 bad= dl_batch_procs=2
2026-09-19T19:41:06 progress: ok=1401 bad= dl_batch_procs=2
2026-09-19T19:43:07 progress: ok=1441 bad= dl_batch_procs=2
2026-09-19T19:45:07 progress: ok=1475 bad= dl_batch_procs=2
2026-09-19T19:47:07 progress: ok=1512 bad= dl_batch_procs=2
2026-09-19T19:49:07 progress: ok=1544 bad= dl_batch_procs=2
2026-09-19T19:51:08 progress: ok=1575 bad= dl_batch_procs=2
2026-09-19T19:53:08 progress: ok=1616 bad= dl_batch_procs=
2026-09-19T19:55:08 progress: ok=1643 bad= dl_batch_procs=
2026-09-19T19:57:09 progress: ok=1684 bad= dl_batch_procs=
2026-09-19T19:59:09 progress: ok=1725 bad= dl_batch_procs=
2026-09-19T20:01:09 progress: ok=1757 bad= dl_batch_procs=
2026-09-19T20:03:10 progress: ok=1782 bad= dl_batch_procs=
2026-09-19T20:05:10 progress: ok=1826 bad= dl_batch_procs=
2026-09-19T20:07:10 progress: ok=1872 bad= dl_batch_procs=
2026-09-19T20:09:12 progress: ok=1915 bad= dl_batch_procs=
2026-09-19T20:11:12 progress: ok=1951 bad= dl_batch_procs=
2026-09-19T20:13:13 progress: ok=1985 bad= dl_batch_procs=
2026-09-19T20:15:13 progress: ok=2023 bad= dl_batch_procs=
2026-09-19T20:17:13 progress: ok=2052 bad= dl_batch_procs=
2026-09-19T20:19:14 progress: ok=2090 bad= dl_batch_procs=
2026-09-19T20:21:14 progress: ok=2124 bad= dl_batch_procs=
2026-09-19T20:23:15 progress: ok=2155 bad= dl_batch_procs=
2026-09-19T20:25:15 progress: ok=2181 bad= dl_batch_procs=
2026-09-19T20:27:15 progress: ok=2210 bad= dl_batch_procs=
2026-09-19T20:29:16 progress: ok=2243 bad= dl_batch_procs=
2026-09-19T20:31:16 progress: ok=2283 bad= dl_batch_procs=
2026-09-19T20:33:16 progress: ok=2314 bad= dl_batch_procs=
2026-09-19T20:35:17 progress: ok=2334 bad= dl_batch_procs=
2026-09-19T20:37:17 progress: ok=2357 bad= dl_batch_procs=
2026-09-19T20:39:18 progress: ok=2384 bad= dl_batch_procs=
2026-09-19T20:41:19 progress: ok=2410 bad= dl_batch_procs=
2026-09-19T20:43:19 progress: ok=2418 bad= dl_batch_procs=
2026-09-19T20:45:19 progress: ok=2441 bad= dl_batch_procs=
2026-09-19T20:47:20 progress: ok=2469 bad= dl_batch_procs=
2026-09-19T20:49:22 progress: ok=2497 bad= dl_batch_procs=
2026-09-19T20:51:22 progress: ok=2520 bad= dl_batch_procs=
2026-09-19T20:53:23 progress: ok=2550 bad=2 dl_batch_procs=
2026-09-19T20:55:23 progress: ok=2563 bad=2 dl_batch_procs=
2026-09-19T20:57:24 progress: ok=2583 bad=2 dl_batch_procs=
2026-09-19T20:59:24 progress: ok=2610 bad=2 dl_batch_procs=
2026-09-19T21:01:25 progress: ok=2634 bad=2 dl_batch_procs=
2026-09-19T21:03:25 progress: ok=2654 bad=2 dl_batch_procs=
2026-09-19T21:05:26 progress: ok=2673 bad=2 dl_batch_procs=
2026-09-19T21:07:26 progress: ok=2693 bad=2 dl_batch_procs=
2026-09-19T21:09:26 progress: ok=2712 bad=2 dl_batch_procs=
2026-09-19T21:11:27 progress: ok=2727 bad=2 dl_batch_procs=
2026-09-19T21:13:27 progress: ok=2751 bad=2 dl_batch_procs=
2026-09-19T21:15:28 progress: ok=2771 bad=2 dl_batch_procs=
2026-09-19T21:17:28 progress: ok=2779 bad=2 dl_batch_procs=
2026-09-19T21:19:29 progress: ok=2786 bad=2 dl_batch_procs=
2026-09-19T21:21:29 progress: ok=2787 bad=2 dl_batch_procs=
2026-09-19T21:23:30 progress: ok=2789 bad=2 dl_batch_procs=
2026-09-19T21:25:30 progress: ok=2791 bad=3 dl_batch_procs=
2026-09-19T21:27:31 progress: ok=2793 bad=3 dl_batch_procs=
2026-09-19T21:29:31 progress: ok=2795 bad=3 dl_batch_procs=
2026-09-19T21:31:32 progress: ok=2797 bad=3 dl_batch_procs=
2026-09-19T21:33:32 progress: ok=2798 bad=3 dl_batch_procs=
2026-09-19T21:35:33 progress: ok=2800 bad=3 dl_batch_procs=
2026-09-19T21:37:34 progress: ok=2802 bad=3 dl_batch_procs=
2026-09-19T21:39:34 progress: ok=2803 bad=3 dl_batch_procs=
2026-09-19T21:41:35 progress: ok=2806 bad=3 dl_batch_procs=
2026-09-19T21:43:35 progress: ok=2807 bad=3 dl_batch_procs=
2026-09-19T21:45:36 progress: ok=2809 bad=4 dl_batch_procs=
2026-09-19T21:47:37 progress: ok=2821 bad=4 dl_batch_procs=
2026-09-19T21:49:38 progress: ok=2827 bad=4 dl_batch_procs=
2026-09-19T21:51:38 progress: ok=2833 bad=4 dl_batch_procs=
2026-09-19T21:53:39 progress: ok=2834 bad=4 dl_batch_procs=
2026-09-19T21:55:40 progress: ok=2838 bad=4 dl_batch_procs=
2026-09-19T21:57:40 progress: ok=2843 bad=4 dl_batch_procs=
2026-09-19T21:59:41 progress: ok=2847 bad=4 dl_batch_procs=
2026-09-19T22:01:42 progress: ok=2864 bad=4 dl_batch_procs=
2026-09-19T22:03:42 progress: ok=2865 bad=4 dl_batch_procs=
2026-09-19T22:05:43 progress: ok=2873 bad=4 dl_batch_procs=
2026-09-19T22:07:44 progress: ok=2885 bad=4 dl_batch_procs=
2026-09-19T22:09:44 progress: ok=2899 bad=4 dl_batch_procs=
2026-09-19T22:11:45 progress: ok=2903 bad=4 dl_batch_procs=
2026-09-19T22:13:46 progress: ok=2926 bad=4 dl_batch_procs=
