[E05] observed: 801 subjects x 456 nodes
[E05] per-node null table done
[E05] system enrichment done
[E05] DONE in 0.8 min
{
 "n_q_nodes_fdr05": 43,
 "nodes_fdr05": [
  116,
  168,
  322,
  378,
  400,
  401,
  402,
  404,
  407,
  408,
  409,
  411,
  412,
  414,
  415,
  416,
  417,
  418,
  419,
  420,
  421,
  425,
  426,
  427,
  428,
  430,
  431,
  432,
  433,
  435,
  436,
  437,
  438,
  439,
  440,
  442,
  443,
  444,
  446,
  447,
  448,
  450,
  451
 ],
 "min_p": 2.1761616387746553e-120,
 "max_z": 23.300789227879132,
 "max_z_node": 400,
 "subjects_with_nulls": 100
}
